[student@group4-15 ~]$ su
Password: 
[root@group4-15 student]# service ntpd start
Starting ntpd: 
[root@group4-15 student]# chkconfig ntpd on
[root@group4-15 student]# ntpdate -u 172.16.2.5
19 Apr 15:56:15 ntpdate[18164]: step time server 172.16.2.5 offset -15.603164 sec
[root@group4-15 student]# euca-describe-nodes
Unable to find credentials.
[root@group4-15 student]# euca-describes-node
bash: euca-describes-node: command not found
[root@group4-15 student]# euca-describes-nodes
bash: euca-describes-nodes: command not found
[root@group4-15 student]# euca-describe-node
bash: euca-describe-node: command not found
[root@group4-15 student]# euca-describe-nodes 
Unable to find credentials.
[root@group4-15 student]# cd /root/.euca
[root@group4-15 .euca]# source eucarc
[root@group4-15 .euca]# euca-describe-nodes 
NODE	PARTI00		172.16.34.16	ENABLED	
[root@group4-15 .euca]# mkdir docker
[root@group4-15 .euca]# cd docker/
[root@group4-15 docker]# wget http://172.16.34.36/images/raring-server-cloudimg-amd64.tar.gz--2014-04-19 15:58:30--  http://172.16.34.36/images/raring-server-cloudimg-amd64.tar.gz
Connecting to 172.16.34.36:80... connected.
HTTP request sent, awaiting response... 200 OK
Length: 220568671 (210M) [application/x-gzip]
Saving to: “raring-server-cloudimg-amd64.tar.gz”

100%[==============================================================================================================================>] 220,568,671  112M/s   in 1.9s    

2014-04-19 15:58:31 (112 MB/s) - “raring-server-cloudimg-amd64.tar.gz” saved [220568671/220568671]

[roo[root@group4-15 docker]# ls
raring-server-cloudimg-amd64.tar.gz
[root@group4-15 docker]# tar xvf raring-server-cloudimg-amd64.tar.gz
raring-server-cloudimg-amd64.img
raring-server-cloudimg-amd64-vmlinuz-generic
raring-server-cloudimg-amd64-loader
raring-server-cloudimg-amd64-floppy
README.files
t@group4-15 docker]# 
[root@group4-15 docker]# ls
raring-server-cloudimg-amd64-floppy  raring-server-cloudimg-amd64-loader  raring-server-cloudimg-amd64-vmlinuz-generic
raring-server-cloudimg-amd64.img     raring-server-cloudimg-amd64.tar.gz  README.files

[root@group4-15 docker]# tar xvf raring-server-cloudimg-amd64.tar.gz
raring-server-cloudimg-amd64.img
raring-server-cloudimg-amd64-vmlinuz-generic
raring-server-cloudimg-amd64-loader
raring-server-cloudimg-amd64-floppy
README.files
////
[root@group4-15 docker]# euca-describe-volumes
VOLUME	vol-D6D23AD8	10		PARTI00	available	2014-04-16T11:34:30.397Z	standard	
[root@group4-15 docker]# euca-describe-addresses verbose
ADDRESS	172.16.34.126	available (arn:aws:euare::943323387200:user/admin)	standard				
ADDRESS	172.16.34.128	available (arn:aws:euare::943323387200:user/admin)	standard				
ADDRESS	172.16.34.125	nobody	standard				
ADDRESS	172.16.34.127	nobody	standard				
ADDRESS	172.16.34.129	nobody	standard				
ADDRESS	172.16.34.130	nobody	standard				
ADDRESS	172.16.34.131	nobody	standard				
ADDRESS	172.16.34.132	nobody	standard				
[root@group4-15 docker]# 

//////////////////////////////////////////////
[root@group4-15 docker]# cat README.files
This compressed tar archive contains files relevant to this machine image.
Each filename is prefixed by a constant string denoting release and
architecture information.  The prefix, for example, may be
'maverick-server-cloudimg-amd64', in which case files will be named like
  maverick-server-cloudimg-amd64.img
  maverick-server-cloudimg-amd64-vmlinuz-virtual

All or some of the following files may be present in the archive:

- <prefix>.img
  This file is an partition image.  It can be bundled, uploaded and
  registered to EC2, Eucalyptus or OpenStack as a Amazon Machine Image
  (ami/emi).

- <prefix>-disk1.img
  This is a qcow2 compressed disk image.  It can be uploaded to OpenStack
  or booted directly via kvm.  You should probably uncompress the image
  (qemu-img convert) before use in non-testing environment.

- <prefix>-uefi1.img
  This is a qcow2 compressed disk image that has GPT partitioning and a UEFI
  bootloader. It is bootable via UEFI, BIOS/GPT and PVGRUB (with support
  for GPT partition tables. It is bootable in OpenStack or directly via kvm.
  You should probably uncompress the images (qemu-img convert) before using
  it in a non-testing environment.

- <prefix>-root.tar.gz
  This is a compressed tar file containing the contents of the root 
  filesystem.  Essentially, 'tar cpzf - /'.

- <prefix>-vmlinuz-virtual
  This is a Linux kernel.  It can be bundled, uploaded, and registered
  UEC as an Amazon Kernel Image (aki/eki).  The '-virtual' string
  represents the Ubuntu Linux package that this kernel came from.  It
  could potentially be '-server' or another string.

- <prefix>-initrd-virtual
  This is a Linux initrd.  It can be bundled, uploaded, and registered
  UEC as an Amazon Ramdisk Image (ari/eri). Not all images require an
  initrd, and thus this file may not be present.  If it is not present,
  then the image should be registered without a ramdisk.

- <prefix>-loader
  This file is a multiboot compliant image capable of loading the
  guest image. On UEC installs where the host operating system is 10.10 or
  later (LP: #611144), this can registered as a kernel (eki).
  It provides function similar to the Amazon released feature 
  "Enabling User Provided Kernels".  When the loader is used to boot an
  instance, a kernel upgrade performed inside the instance will take
  affect on subsequent boots.

- <prefix>-floppy
  This file is a floppy disk image.  It is not useful or relevant to
  running inside of EC2 or UEC.
  The purpose of this file is to allow booting the <prefix>.img outside a cloud.
  To boot outside of a cloud environment (where a metadata service is not
  present), the following kvm command line can be used:
     kvm -boot a -fda <prefix>-floppy -drive file=<prefix>.img,if=virtio
  This is not necessary, and generally obsolete, if <prefix>-disk1.img is
  available.

Other notes:
- This tar file is constructed such that it can be easily
  bundled uploaded and registered using 'cloud-publish-tarball' as an admin
  by invoking 
    cloud-publish-tarball tarfile.tar.gz my-bucket i386
  or, to use the loader file as
    cloud-publish-tarball --use-loader tarfile.tar.gz my-bucket i386
- The image file (.img) can be resized before uploading by using
  'cloud-resize-image', as:
    cloud-resize-image <prefix>.img 5G
  or, resized before uploading with cloud-publish-tarball by:
    cloud-publish-tarball --resize 5G tarfile.tar.gz my-bucket i386

   *Note*: in 11.10 and beyond, 'uec' as a prefix to the commands below is
      replaced with 'cloud'. So, 'cloud-publish-tarball' may be 'uec-publish-tarball'
      in your cloud-utils package. Just substitite accordingly.
[root@group4-15 docker]# ls
raring-server-cloudimg-amd64-floppy  raring-server-cloudimg-amd64-loader  raring-server-cloudimg-amd64-vmlinuz-generic
raring-server-cloudimg-amd64.img     raring-server-cloudimg-amd64.tar.gz  README.files
[root@group4-15 docker]# euca-bundle-image -i raring-server-cloudimg-amd64-vmlinuz-generic --kernel true --arch x86_64
100% |=============================================================================================================================|   5.14 MB  23.51 MB/s Time: 0:00:00
Wrote manifest /var/tmp/bundle-30uvSv/raring-server-cloudimg-amd64-vmlinuz-generic.manifest.xml
[root@group4-15 docker]# 
[root@group4-15 docker]# euca-upload-bundle -b AS-kernel-x86_64.kern-bucket -m /var/tmp/bundle-30uvSv/raring-server-cloudimg-amd64-vmlinuz-generic.manifest.xml
raring-server-cloudimg-amd64-vmlinuz-generic.part.0 100% |=========================================================================|   5.09 MB  11.84 MB/s Time: 0:00:00
raring-server-cloudimg-amd64-vmlinuz-generic.manifest.xml 100% |===================================================================|   3.45 kB  16.38 kB/s Time: 0:00:00
Uploaded AS-kernel-x86_64.kern-bucket/raring-server-cloudimg-amd64-vmlinuz-generic.manifest.xml
[root@group4-15 docker]# euca-register AS-kernel-x86_64.kern-bucket/raring-server-cloudimg-amd64-vmlinuz-generic.manifest.xml --name 'abu_azim_docker'
IMAGE	eki-4AC93718
[root@group4-15 docker]# ls
raring-server-cloudimg-amd64-floppy  raring-server-cloudimg-amd64-loader  raring-server-cloudimg-amd64-vmlinuz-generic
raring-server-cloudimg-amd64.img     raring-server-cloudimg-amd64.tar.gz  README.files
////////////////////////////////////////////Register ramdisk/////////////////////////////////////////////////
[root@group4-15 docker]# euca-bundle-image -i raring-server-cloudimg-amd64-loader --ramdisk true --arch x86_64
100% |=============================================================================================================================|  89.56 kB   7.97 MB/s Time: 0:00:00
Wrote manifest /var/tmp/bundle-AcJQI9/raring-server-cloudimg-amd64-loader.manifest.xml
[root@group4-15 docker]# euca-upload-bundle -b AS-initrd-x86_64.kern-bucket -m /var/tmp/bundle-AcJQI9/raring-server-cloudimg-amd64-loader.manifest.xml
raring-server-cloudimg-amd64-loader.part.0 100% |==================================================================================|  89.38 kB 423.29 kB/s Time: 0:00:00
raring-server-cloudimg-amd64-loader.manifest.xml 100% |============================================================================|   3.36 kB  25.90 kB/s Time: 0:00:00
Uploaded AS-initrd-x86_64.kern-bucket/raring-server-cloudimg-amd64-loader.manifest.xml
[root@group4-15 docker]# euca-register AS-initrd-x86_64.kern-bucket/raring-server-cloudimg-amd64-loader.manifest.xml --name 'azim_docker_ram'
IMAGE	eri-0AA13D05
[root@group4-15 docker]# 
[root@group4-15 docker]#  euca-bundle-image -i raring-server-cloudimg-amd64.img --kernel eki-4AC93718 --ramdisk eri-0AA13D05 --arch x86_64
100% |=============================================================================================================================|   1.38 GB  33.34 MB/s Time: 0:00:44
Wrote manifest /var/tmp/bundle-FKbiyp/raring-server-cloudimg-amd64.img.manifest.xml
[root@group4-15 docker]# 
///////////////////////////
[root@group4-15 docker]# euca-upload-bundle -b docker.bucket -m /var/tmp/bundle-FKbiyp/raring-server-cloudimg-amd64.img.manifest.xml
raring-server-cloudimg-amd64.img.part.0  ( 1/21) 100% |============================================================================|  10.00 MB  42.22 MB/s Time: 0:00:00
raring-server-cloudimg-amd64.img.part.1  ( 2/21) 100% |============================================================================|  10.00 MB  40.51 MB/s Time: 0:00:00
raring-server-cloudimg-amd64.img.part.2  ( 3/21) 100% |============================================================================|  10.00 MB  46.20 MB/s Time: 0:00:00
raring-server-cloudimg-amd64.img.part.3  ( 4/21) 100% |============================================================================|  10.00 MB  35.71 MB/s Time: 0:00:00
raring-server-cloudimg-amd64.img.part.4  ( 5/21) 100% |============================================================================|  10.00 MB  46.31 MB/s Time: 0:00:00
raring-server-cloudimg-amd64.img.part.5  ( 6/21) 100% |============================================================================|  10.00 MB  43.98 MB/s Time: 0:00:00
raring-server-cloudimg-amd64.img.part.6  ( 7/21) 100% |============================================================================|  10.00 MB  40.01 MB/s Time: 0:00:00
raring-server-cloudimg-amd64.img.part.7  ( 8/21) 100% |============================================================================|  10.00 MB  46.01 MB/s Time: 0:00:00
raring-server-cloudimg-amd64.img.part.8  ( 9/21) 100% |============================================================================|  10.00 MB  43.97 MB/s Time: 0:00:00
raring-server-cloudimg-amd64.img.part.9  (10/21) 100% |============================================================================|  10.00 MB  42.31 MB/s Time: 0:00:00
raring-server-cloudimg-amd64.img.part.10 (11/21) 100% |============================================================================|  10.00 MB  45.91 MB/s Time: 0:00:00
raring-server-cloudimg-amd64.img.part.11 (12/21) 100% |============================================================================|  10.00 MB  40.84 MB/s Time: 0:00:00
raring-server-cloudimg-amd64.img.part.12 (13/21) 100% |============================================================================|  10.00 MB  44.46 MB/s Time: 0:00:00
raring-server-cloudimg-amd64.img.part.13 (14/21) 100% |============================================================================|  10.00 MB  38.97 MB/s Time: 0:00:00
raring-server-cloudimg-amd64.img.part.14 (15/21) 100% |============================================================================|  10.00 MB  46.29 MB/s Time: 0:00:00
raring-server-cloudimg-amd64.img.part.15 (16/21) 100% |============================================================================|  10.00 MB  44.13 MB/s Time: 0:00:00
raring-server-cloudimg-amd64.img.part.16 (17/21) 100% |============================================================================|  10.00 MB  46.03 MB/s Time: 0:00:00
raring-server-cloudimg-amd64.img.part.17 (18/21) 100% |============================================================================|  10.00 MB  42.57 MB/s Time: 0:00:00
raring-server-cloudimg-amd64.img.part.18 (19/21) 100% |============================================================================|  10.00 MB  42.37 MB/s Time: 0:00:00
raring-server-cloudimg-amd64.img.part.19 (20/21) 100% |============================================================================|  10.00 MB  46.35 MB/s Time: 0:00:00
raring-server-cloudimg-amd64.img.part.20 (21/21) 100% |============================================================================|   7.79 MB  34.18 MB/s Time: 0:00:00
raring-server-cloudimg-amd64.img.manifest.xml 100% |===============================================================================|   6.50 kB  36.06 kB/s Time: 0:00:00
Uploaded docker.bucket/raring-server-cloudimg-amd64.img.manifest.xml
/////Register docker EMI//////////////
[root@group4-15 docker]# euca-register docker.bucket/raring-server-cloudimg-amd64.img.manifest.xml --name 'abu_docker_emi'
IMAGE	emi-9DCB3881
[root@group4-15 .euca]# euca-modify-instance-type m1.medium -m 1024
INSTANCETYPE	m1.medium	1	1024	10
[root@group4-15 .euca]# euca-describe-instance-types 
INSTANCETYPE	Name         CPUs  Memory (MB)  Disk (GB)
INSTANCETYPE	m1.small        1          256          5
INSTANCETYPE	t1.micro        1          256          5
INSTANCETYPE	c1.medium       2          512         10
INSTANCETYPE	m1.medium       1         1024         10
INSTANCETYPE	m1.xlarge       2         1024         10
INSTANCETYPE	c1.xlarge       2         2048         10
INSTANCETYPE	m2.xlarge       2         2048         10
INSTANCETYPE	m1.large        2          512         15
INSTANCETYPE	m3.xlarge       4         2048         15
INSTANCETYPE	m2.2xlarge      2         4096         30
INSTANCETYPE	m3.2xlarge      4         4096         30
INSTANCETYPE	cc1.4xlarge     8         3072         60
INSTANCETYPE	m2.4xlarge      8         4096         60
INSTANCETYPE	hi1.4xlarge     8         6144        120
INSTANCETYPE	cc2.8xlarge    16         6144        120
INSTANCETYPE	cg1.4xlarge    16        12288        200
INSTANCETYPE	cr1.8xlarge    16        16384        240
INSTANCETYPE	hs1.8xlarge    48       119808      24000
[root@group4-15 .euca]# 

[root@group4-15 .euca]# euca-run-instances -k sshlogin emi-9DCB3881 -t m1.medium --user-data-file cloud-init-docker.config
RESERVATION	r-68B4432F	943323387200	default
INSTANCE	i-612046EC	emi-9DCB3881	0.0.0.0	0.0.0.0	pending	sshlogin	0		m1.medium	2014-04-19T10:35:03.413Z	PARTI00	eki-4AC93718	eri-0AA13D05		monitoring-disabled	0.0.0.0	0.0.0.0			instance-store					paravirtualized			
[root@group4-15 .euca]# 
root@ip-10-10-245-114:/home/ubuntu# cd euca/
root@ip-10-10-245-114:/home/ubuntu/euca# source eucarc 
root@ip-10-10-245-114:/home/ubuntu/euca# euca-bundle-vol -p ubuntu-raring-docker -s 5120 -e /tmp,/root,/mnt/image,/home/ubuntu -d /mnt/image --kernel eki-4AC93718 --ramdisk eri-0AA13D05 -r x86_64
Unable to read product codes
Unable to read ancestor ids
['blkid', '-sFS_TYPE', '-ovalue', '/tmp/tmpyQv1xD/dev']
['blkid', '-sUUID', '-ovalue', '/tmp/tmpyQv1xD/dev']
['blkid', '-sLABEL', '-ovalue', '/tmp/tmpyQv1xD/dev']
1+0 records in
1+0 records out
1048576 bytes (1.0 MB) copied, 0.0014341 s, 731 MB/s
mke2fs 1.42.5 (29-Jul-2012)
Discarding device blocks: done                            
Filesystem label=cloudimg-rootfs
OS type: Linux
Block size=4096 (log=2)
Fragment size=4096 (log=2)
Stride=0 blocks, Stripe width=0 blocks
327680 inodes, 1310720 blocks
65536 blocks (5.00%) reserved for the super user
First data block=0
Maximum filesystem blocks=1342177280
40 block groups
32768 blocks per group, 32768 fragments per group
8192 inodes per group
Superblock backups stored on blocks: 
	32768, 98304, 163840, 229376, 294912, 819200, 884736

Allocating group tables: done                            
Writing inode tables: done                            
Creating journal (32768 blocks): done
Writing superblocks and filesystem accounting information: done 

tune2fs 1.42.5 (29-Jul-2012)
Checking image
Compressing image
Encrypting image
Splitting image...
Part: ubuntu-raring-docker.part.00
Part: ubuntu-raring-docker.part.01
Part: ubuntu-raring-docker.part.02
Part: ubuntu-raring-docker.part.03
Part: ubuntu-raring-docker.part.04
Part: ubuntu-raring-docker.part.05
Part: ubuntu-raring-docker.part.06
Part: ubuntu-raring-docker.part.07
Part: ubuntu-raring-docker.part.08
Part: ubuntu-raring-docker.part.09
Part: ubuntu-raring-docker.part.10
Part: ubuntu-raring-docker.part.11
Part: ubuntu-raring-docker.part.12
Part: ubuntu-raring-docker.part.13
Part: ubuntu-raring-docker.part.14
Part: ubuntu-raring-docker.part.15
Part: ubuntu-raring-docker.part.16
Part: ubuntu-raring-docker.part.17
Part: ubuntu-raring-docker.part.18
Part: ubuntu-raring-docker.part.19
Part: ubuntu-raring-docker.part.20
Generating manifest /mnt/image/ubuntu-raring-docker.manifest.xml
///////////////////////////////////////////////////////////////////////

root@ip-10-10-245-114:/home/ubuntu/euca# euca-upload-bundle -b ubuntu-raring-docker-rootfs -m //mnt/image/ubuntu-raring-docker.manifest.xml
Checking bucket: ubuntu-raring-docker-rootfs
Creating bucket: ubuntu-raring-docker-rootfs
Uploading manifest file
Uploading part: ubuntu-raring-docker.part.00
Uploading part: ubuntu-raring-docker.part.01
Uploading part: ubuntu-raring-docker.part.02
Uploading part: ubuntu-raring-docker.part.03
Uploading part: ubuntu-raring-docker.part.04
Uploading part: ubuntu-raring-docker.part.05
Uploading part: ubuntu-raring-docker.part.06
Uploading part: ubuntu-raring-docker.part.07
Uploading part: ubuntu-raring-docker.part.08
Uploading part: ubuntu-raring-docker.part.09
Uploading part: ubuntu-raring-docker.part.10
Uploading part: ubuntu-raring-docker.part.11
Uploading part: ubuntu-raring-docker.part.12
Uploading part: ubuntu-raring-docker.part.13
Uploading part: ubuntu-raring-docker.part.14
Uploading part: ubuntu-raring-docker.part.15
Uploading part: ubuntu-raring-docker.part.16
Uploading part: ubuntu-raring-docker.part.17
Uploading part: ubuntu-raring-docker.part.18
Uploading part: ubuntu-raring-docker.part.19
Uploading part: ubuntu-raring-docker.part.20
Uploaded image as ubuntu-raring-docker-rootfs/ubuntu-raring-docker.manifest.xml

////////////////
root@ip-10-10-245-114:/home/ubuntu/euca# euca-register -n ubuntu-raring-docker-rootfs ubuntu-raring-docker-rootfs/ubuntu-raring-docker.manifest.xml
IMAGE	emi-01EB3DA4
root@ip-10-10-245-114:/home/ubuntu/euca# euca-modify-image-attribute -l -a all emi-01EB3DA4
IMAGE	emi-01EB3DA4
root@ip-10-10-245-114:/home/ubuntu/euca# euca-modify-image-attribute -l -a all eki-4AC93718
IMAGE	eki-4AC93718
root@ip-10-10-245-114:/home/ubuntu/euca# euca-modify-image-attribute -l -a all eri-0AA13D05
IMAGE	eri-0AA13D05
root@ip-10-10-245-114:/home/ubuntu/euca# 
[root@group4-15 .euca]# ssh-keygen -R 172.16.34.129
/root/.ssh/known_hosts updated.
Original contents retained as /root/.ssh/known_hosts.old
[root@group4-15 .euca]# ssh -i sshlogin ubuntu@172.16.34.129
The authenticity of host '172.16.34.129 (172.16.34.129)' can't be established.
RSA key fingerprint is 5c:51:a4:61:72:1f:ed:e6:95:60:f1:1d:23:22:36:d2.
Are you sure you want to continue connecting (yes/no)? yes
Warning: Permanently added '172.16.34.129' (RSA) to the list of known hosts.
Welcome to Ubuntu 13.04 (GNU/Linux 3.8.0-35-generic x86_64)

 * Documentation:  https://help.ubuntu.com/

  System information as of Sat Apr 19 11:20:59 UTC 2014

  System load:  0.0               Processes:           73
  Usage of /:   53.1% of 1.32GB   Users logged in:     0
  Memory usage: 6%                IP address for eth0: 10.10.245.114
  Swap usage:   0%

  Graph this data and manage this system at:
    https://landscape.canonical.com/

  Get cloud support with Ubuntu Advantage Cloud Guest:
    http://www.ubuntu.com/business/services/cloud

0 packages can be updated.
0 updates are security updates.

Your Ubuntu release is not supported anymore.
For upgrade information, please visit:
http://www.ubuntu.com/releaseendoflife

New release '13.10' available.
Run 'do-release-upgrade' to upgrade to it.
/////////////////////////////////////////////////////




